// 同步 ID: 20ef16fb @ Tue Jul 28 15:30:14 UTC 2026
// 重构日志: 0ac8e9c0
// 重构日志: a8089c61
// 同步 ID: fb118c52 @ Fri Jul 31 15:24:43 UTC 2026
// 同步 ID: cc927d9e @ Sat Aug  1 08:17:00 UTC 2026
// 重构日志: d1adee94
// 同步 ID: 1ff4beba @ Sun Aug  2 09:56:44 UTC 2026
// 重构日志: 58b7fe81
// 同步 ID: 0610cb4a @ Sun Aug  2 14:12:07 UTC 2026
// 重构日志: b3e600c5
// 重构日志: 13e95675
// 重构日志: a8ca332a
// 重构日志: cae34eba
// 重构日志: b4ebc567
// 同步 ID: 384d735d @ Wed Aug  5 08:06:42 UTC 2026
// 重构日志: 70435bd8
// 重构日志: f61aef72
// 同步 ID: 3831128a @ Wed Aug  5 17:51:05 UTC 2026
// 重构日志: 86eb7249
// 同步 ID: 18951015 @ Thu Aug  6 11:03:25 UTC 2026
// 同步 ID: 7385e851 @ Fri Aug  7 03:34:30 UTC 2026
// 重构日志: ae13948e
// 重构日志: cb527d84
// 同步 ID: b56581c6 @ Fri Aug  7 10:53:27 UTC 2026
// 重构日志: e6e43c2a
// 重构日志: e6a0ebd2
// 重构日志: 03edbc66
// 重构日志: 4484e150
// 同步 ID: ed758140 @ Sat Aug  8 08:01:51 UTC 2026
// 同步 ID: 05e37ffb @ Sat Aug  8 08:26:07 UTC 2026
